// Jest Snapshot v1, https://goo.gl/fbAQLP

exports[`renders navbar correctly 1`] = `
<nav
  className="navbar navbar-expand-lg navbar-light bg-light"
>
  <div
    className="container"
  >
    <a
      className="navbar-brand"
      href="/"
    >
      <img
        alt="logo"
        className="img-fluid image-size"
        src="planet.png"
      />
      Space Traveler\`'s Hub
    </a>
    <button
      aria-controls="responsive-navbar-nav"
      aria-label="Toggle navigation"
      className="navbar-toggler collapsed"
      onClick={[Function]}
      type="button"
    >
      <span
        className="navbar-toggler-icon"
      />
    </button>
    <div
      aria-expanded={null}
      className="navbar-collapse collapse"
      id="responsive-navbar-nav"
    >
      <div
        className="ms-auto navbar-nav"
        onKeyDown={[Function]}
      >
        <a
          className="nav-link"
          data-rr-ui-event-key={null}
          href="#"
          onClick={[Function]}
          onKeyDown={[Function]}
          role="button"
          tabIndex={0}
        >
          <a
            aria-current="page"
            className="active"
            href="/"
            onClick={[Function]}
          >
            Rockets
          </a>
        </a>
        <a
          className="nav-link"
          data-rr-ui-event-key={null}
          href="#"
          onClick={[Function]}
          onKeyDown={[Function]}
          role="button"
          tabIndex={0}
        >
          <a
            className=""
            href="/mission"
            onClick={[Function]}
          >
            Missions
          </a>
        </a>
        <a
          className="nav-link"
          data-rr-ui-event-key={null}
          href="#"
          onClick={[Function]}
          onKeyDown={[Function]}
          role="button"
          tabIndex={0}
        >
          <a
            className=""
            href="/profile"
            onClick={[Function]}
          >
            My Profile
          </a>
        </a>
      </div>
    </div>
  </div>
</nav>
`;
